// Vitest Snapshot v1, https://vitest.dev/guide/snapshot.html

exports[`display DrawingBoard > display the page when location.state is null 1`] = `
<div>
  <div
    class="bar"
  >
    <div
      class="_box_3f9b6c"
      id="box"
      style="transform: translateY(0px)translateX(0px);"
    >
      <div>
        <svg
          role="presentation"
          style="width: 1.5rem; height: 1.5rem;"
          viewBox="0 0 24 24"
        >
          <path
            d="M19 19H15V21H19C20.1 21 21 20.1 21 19V15H19M19 3H15V5H19V9H21V5C21 3.9 20.1 3 19 3M5 5H9V3H5C3.9 3 3 3.9 3 5V9H5M5 15H3V19C3 20.1 3.9 21 5 21H9V19H5V15M7 11H9V13H7V11M11 11H13V13H11V11M15 11H17V13H15V11M7 7H9V9H7V7M11 7H13V9H11V7M15 7H17V9H15V7M7 15H9V17H7V15M11 15H13V17H11V15M15 15H17V17H15V15Z"
            style="fill: currentColor;"
          />
        </svg>
      </div>
      <div />
    </div>
    <div>
      <button
        class="themeButton"
      >
        <img
          alt="theme-light-dark"
          class="iconImg"
          height="30px"
          src="/src/assets/theme-light-dark.png"
          width="30px"
        />
      </button>
    </div>
    <div
      class="setOfLinks"
    >
      <a
        data-discover="true"
        href="/"
        style="font-size: 1.3rem;"
      >
        HOME
      </a>
    </div>
  </div>
  <div>
    <div>
      <p>
        loading
      </p>
      <p>
        Dear user, this is a study project, please wait 1 minute for the server to wake up.
      </p>
    </div>
  </div>
</div>
`;
